// Jest Snapshot v1, https://goo.gl/fbAQLP

exports[`render FBCarouselSlider correctly render the snapshot of the component FBCarouselSlider 1`] = `
<View>
  <RCTScrollView
    data={
      [
        {
          "coverImage": {
            "testUri": "../../../src/assets/images/icons/furnitureIcon.png",
          },
          "description": "Description",
          "discount": "10%",
          "header": "Header",
          "id": 0,
        },
      ]
    }
    getItem={[Function]}
    getItemCount={[Function]}
    horizontal={true}
    keyExtractor={[Function]}
    onContentSizeChange={[Function]}
    onLayout={[Function]}
    onMomentumScrollBegin={[Function]}
    onMomentumScrollEnd={[Function]}
    onScroll={[Function]}
    onScrollBeginDrag={[Function]}
    onScrollEndDrag={[Function]}
    pagingEnabled={true}
    removeClippedSubviews={false}
    renderItem={[Function]}
    scrollEventThrottle={0.0001}
    showsHorizontalScrollIndicator={false}
    stickyHeaderIndices={[]}
    viewabilityConfigCallbackPairs={[]}
  >
    <View>
      <View
        onFocusCapture={[Function]}
        onLayout={[Function]}
        style={
          [
            {
              "flexDirection": "row",
            },
            null,
          ]
        }
      >
        <View
          style={
            {
              "alignSelf": "center",
              "backgroundColor": "#fedc9e",
              "borderRadius": 15,
              "height": 200,
              "marginHorizontal": 16,
              "marginTop": 20,
              "width": 690,
            }
          }
          testID="carousalSlider0"
        >
          <Text
            style={
              {
                "fontFamily": "Jost-Bold",
                "fontSize": 24,
                "marginTop": 10,
                "paddingHorizontal": 8,
                "textAlign": "right",
                "zIndex": 1,
              }
            }
            testID="carousalSliderHeader0"
          >
            Header
          </Text>
          <View
            style={
              {
                "flexDirection": "row",
                "justifyContent": "space-between",
                "marginRight": 10,
              }
            }
          >
            <Image
              height={100}
              resizeMode="contain"
              source={
                {
                  "testUri": "../../../src/assets/images/icons/furnitureIcon.png",
                }
              }
              style={
                {
                  "height": 180,
                  "marginTop": -5,
                  "width": 180,
                }
              }
              testID="carousalSliderImage0"
              width={100}
            />
            <View>
              <Text
                style={
                  {
                    "fontFamily": "Jost-Regular",
                    "fontSize": 12,
                    "height": 60,
                    "paddingHorizontal": 8,
                    "textAlign": "right",
                    "width": 150,
                    "zIndex": 1,
                  }
                }
                testID="carousalSliderDescription0"
              >
                Description
              </Text>
              <View
                style={
                  {
                    "backgroundColor": "#4d4867",
                    "borderRadius": 10,
                    "flexDirection": "row",
                    "marginLeft": 20,
                    "paddingVertical": 10,
                  }
                }
                testID="carousalSliderDiscountView0"
              >
                <Image
                  height={30}
                  source={
                    {
                      "testUri": "../../../src/assets/images/icons/tagIcon.png",
                    }
                  }
                  style={
                    {
                      "height": 50,
                      "width": 50,
                    }
                  }
                  testID="tagIcon"
                  width={30}
                />
                <Text
                  style={
                    {
                      "alignSelf": "center",
                      "color": "#ffffff",
                      "fontFamily": "Jost-Bold",
                      "fontSize": 28,
                      "paddingHorizontal": 8,
                      "textAlign": "right",
                    }
                  }
                  testID="carousalSliderDiscountValue0"
                >
                  10%
                </Text>
              </View>
            </View>
          </View>
        </View>
      </View>
    </View>
  </RCTScrollView>
  <View
    style={
      {
        "alignItems": "center",
        "flexDirection": "row",
        "height": 10,
        "justifyContent": "center",
        "marginTop": 10,
      }
    }
    testID="paginationView"
  >
    <View
      style={
        {
          "alignItems": "center",
          "backgroundColor": "#4d4867",
          "borderRadius": 10,
          "height": 16,
          "justifyContent": "center",
          "marginRight": 5,
        }
      }
      testID="selectedDot"
    >
      <Text
        style={
          {
            "color": "#ffffff",
            "fontFamily": "Jost-Bold",
            "fontSize": 8,
            "paddingLeft": 5,
            "paddingRight": 5,
          }
        }
        testID="selectedDotText"
      >
        1 of 1
      </Text>
    </View>
  </View>
</View>
`;
