// Jest Snapshot v1, https://goo.gl/fbAQLP

exports[`rendering the FBAppHeaderText Component rendering the component 1`] = `
<View
  style={
    [
      {
        "alignItems": "center",
        "flexDirection": "row",
      },
      {
        "backgroundColor": "white",
      },
    ]
  }
  testID="appHeader"
>
  <Image
    height={1}
    source={
      {
        "testUri": "../../../src/assets/images/icons/furnitureIcon.png",
      }
    }
    style={
      {
        "height": 12,
        "width": 12,
      }
    }
    width={1}
  />
  <Text
    style={
      {
        "color": "black",
        "fontFamily": "Sigmar-Regular",
        "fontSize": 12,
      }
    }
  >
    FurniBAZAR
  </Text>
</View>
`;
